// Jest Snapshot v1, https://goo.gl/fbAQLP

exports[`Test button component default style 1`] = `
<h2
  className="hdXgWE"
/>
`;
