// Jest Snapshot v1, https://goo.gl/fbAQLP

exports[`Test button component default style 1`] = `
<p
  className="eobklK"
/>
`;
