// Jest Snapshot v1, https://goo.gl/fbAQLP

exports[`Test Product Name component default style 1`] = `
<p
  className="sc-bczRLJ kedjXS"
/>
`;
