// Jest Snapshot v1, https://goo.gl/fbAQLP

exports[`test Footer text default style 1`] = `
<h1
  className="sc-bczRLJ hFHjbF"
/>
`;
